// Jest Snapshot v1, https://goo.gl/fbAQLP

exports[`<Document /> renders children 1`] = `
<document>
  <foo>
    <bar />
  </foo>
</document>
`;
