exports[`<RedBox /> renders simple errors 1`] = `
<view
  name="RedBox"
  resizingConstraint={undefined}
  style={
    Object {
      "backgroundColor": "rgb(204, 0, 0)",
      "paddingBottom": 10,
      "paddingLeft": 10,
      "paddingRight": 10,
      "paddingTop": 10,
      "width": 480,
    }
  }>
  <text
    name="Message"
    resizingConstraint={undefined}
    style={
      Object {
        "color": "white",
        "fontSize": 16,
        "fontWeight": "bold",
        "lineHeight": 19.2,
      }
    }>
    Invariant Violation: THIS IS AN ERROR
  </text>
  <view
    name="Frames"
    resizingConstraint={undefined}
    style={
      Object {
        "color": "white",
        "fontFamily": "Monaco",
        "marginTop": 20,
      }
    }>
    <text
      name="Text"
      resizingConstraint={undefined}
      style={
        Object {
          "color": "white",
          "fontFamily": "Monaco",
          "marginTop": 20,
        }
      }>
      invariant
    </text>
    <text
      name="Text"
      resizingConstraint={undefined}
      style={
        Object {
          "color": "white",
          "fontFamily": "Monaco",
          "marginTop": 20,
        }
      }>
      Object.<anonymous>
    </text>
    <text
      name="Text"
      resizingConstraint={undefined}
      style={
        Object {
          "color": "white",
          "fontFamily": "Monaco",
          "marginTop": 20,
        }
      }>
      Object.<anonymous>
    </text>
    <text
      name="Text"
      resizingConstraint={undefined}
      style={
        Object {
          "color": "white",
          "fontFamily": "Monaco",
          "marginTop": 20,
        }
      }>
      attemptAsync
    </text>
    <text
      name="Text"
      resizingConstraint={undefined}
      style={
        Object {
          "color": "white",
          "fontFamily": "Monaco",
          "marginTop": 20,
        }
      }>
      QueueRunner.run
    </text>
    <text
      name="Text"
      resizingConstraint={undefined}
      style={
        Object {
          "color": "white",
          "fontFamily": "Monaco",
          "marginTop": 20,
        }
      } />
    <text
      name="Text"
      resizingConstraint={undefined}
      style={
        Object {
          "color": "white",
          "fontFamily": "Monaco",
          "marginTop": 20,
        }
      } />
    <text
      name="Text"
      resizingConstraint={undefined}
      style={
        Object {
          "color": "white",
          "fontFamily": "Monaco",
          "marginTop": 20,
        }
      }>
      Object.fn
    </text>
    <text
      name="Text"
      resizingConstraint={undefined}
      style={
        Object {
          "color": "white",
          "fontFamily": "Monaco",
          "marginTop": 20,
        }
      }>
      attemptAsync
    </text>
    <text
      name="Text"
      resizingConstraint={undefined}
      style={
        Object {
          "color": "white",
          "fontFamily": "Monaco",
          "marginTop": 20,
        }
      }>
      QueueRunner.run
    </text>
  </view>
</view>
`;

exports[`<RedBox /> renders string errors 1`] = `
<view
  name="RedBox"
  resizingConstraint={undefined}
  style={
    Object {
      "backgroundColor": "rgb(204, 0, 0)",
      "paddingBottom": 10,
      "paddingLeft": 10,
      "paddingRight": 10,
      "paddingTop": 10,
      "width": 480,
    }
  }>
  <text
    name="Message"
    resizingConstraint={undefined}
    style={
      Object {
        "color": "white",
        "fontSize": 16,
        "fontWeight": "bold",
        "lineHeight": 19.2,
      }
    }>
    Error: String only error
  </text>
</view>
`;
