// Jest Snapshot v1, https://goo.gl/fbAQLP

exports[`node <Svg /> generates the json for an svg 1`] = `
Object {
  "_class": "group",
  "do_objectID": "mockID",
  "exportOptions": Object {
    "_class": "exportOptions",
    "exportFormats": Array [],
    "includedLayerIds": Array [],
    "layerOptions": 0,
    "shouldTrim": false,
  },
  "frame": Object {
    "_class": "rect",
    "constrainProportions": false,
    "height": 447,
    "width": 494,
    "x": 0,
    "y": 0,
  },
  "hasClickThrough": false,
  "isFlippedHorizontal": false,
  "isFlippedVertical": false,
  "isLocked": false,
  "isVisible": true,
  "layerListExpandedType": 2,
  "layers": Array [
    Object {
      "_class": "group",
      "do_objectID": "mockID",
      "exportOptions": Object {
        "_class": "exportOptions",
        "exportFormats": Array [],
        "includedLayerIds": Array [],
        "layerOptions": 0,
        "shouldTrim": false,
      },
      "frame": Object {
        "_class": "rect",
        "constrainProportions": false,
        "height": 447,
        "width": 494,
        "x": 0,
        "y": 0,
      },
      "hasClickThrough": false,
      "isFlippedHorizontal": false,
      "isFlippedVertical": false,
      "isLocked": false,
      "isVisible": true,
      "layerListExpandedType": 2,
      "layers": Array [
        Object {
          "_class": "shapeGroup",
          "clippingMaskMode": 0,
          "do_objectID": "mockID",
          "frame": Object {
            "_class": "rect",
            "constrainProportions": false,
            "height": 447,
            "width": 494,
            "x": 0,
            "y": 0,
          },
          "hasClickThrough": false,
          "hasClippingMask": false,
          "isLocked": false,
          "isVisible": true,
          "layers": Array [
            Object {
              "_class": "shapePath",
              "booleanOperation": -1,
              "do_objectID": "mockID",
              "edited": false,
              "frame": Object {
                "_class": "rect",
                "constrainProportions": false,
                "height": 447,
                "width": 494,
                "x": 0,
                "y": 0,
              },
              "isFlippedHorizontal": false,
              "isFlippedVertical": false,
              "isLocked": false,
              "isVisible": true,
              "layerListExpandedType": 0,
              "name": "Path",
              "nameIsFixed": false,
              "path": Object {
                "_class": "path",
                "isClosed": false,
                "points": Array [
                  Object {
                    "_class": "curvePoint",
                    "cornerRadius": 0,
                    "curveFrom": "{0.5, 1}",
                    "curveMode": 1,
                    "curveTo": "{0.5, 1}",
                    "hasCurveFrom": false,
                    "hasCurveTo": false,
                    "point": "{0.5, 1}",
                  },
                  Object {
                    "_class": "curvePoint",
                    "cornerRadius": 0,
                    "curveFrom": "{0, 0.3579418344519016}",
                    "curveMode": 1,
                    "curveTo": "{0, 0.3579418344519016}",
                    "hasCurveFrom": false,
                    "hasCurveTo": false,
                    "point": "{0, 0.3579418344519016}",
                  },
                  Object {
                    "_class": "curvePoint",
                    "cornerRadius": 0,
                    "curveFrom": "{0.2165991902834008, 0.03355704697986577}",
                    "curveMode": 1,
                    "curveTo": "{0.2165991902834008, 0.03355704697986577}",
                    "hasCurveFrom": false,
                    "hasCurveTo": false,
                    "point": "{0.2165991902834008, 0.03355704697986577}",
                  },
                  Object {
                    "_class": "curvePoint",
                    "cornerRadius": 0,
                    "curveFrom": "{0.5, 0}",
                    "curveMode": 1,
                    "curveTo": "{0.5, 0}",
                    "hasCurveFrom": false,
                    "hasCurveTo": false,
                    "point": "{0.5, 0}",
                  },
                  Object {
                    "_class": "curvePoint",
                    "cornerRadius": 0,
                    "curveFrom": "{0.7834008097165992, 0.03355704697986577}",
                    "curveMode": 1,
                    "curveTo": "{0.7834008097165992, 0.03355704697986577}",
                    "hasCurveFrom": false,
                    "hasCurveTo": false,
                    "point": "{0.7834008097165992, 0.03355704697986577}",
                  },
                  Object {
                    "_class": "curvePoint",
                    "cornerRadius": 0,
                    "curveFrom": "{1, 0.3579418344519016}",
                    "curveMode": 1,
                    "curveTo": "{1, 0.3579418344519016}",
                    "hasCurveFrom": false,
                    "hasCurveTo": false,
                    "point": "{1, 0.3579418344519016}",
                  },
                ],
              },
              "resizingConstraint": 63,
              "resizingType": 0,
              "rotation": 0,
              "shouldBreakMaskChain": false,
            },
          ],
          "name": "ShapeGroup",
          "nameIsFixed": false,
          "resizingConstraint": 63,
          "resizingType": 0,
          "rotation": 0,
          "shouldBreakMaskChain": false,
          "style": Object {
            "_class": "style",
            "endDecorationType": 0,
            "fills": Array [
              Object {
                "_class": "fill",
                "color": Object {
                  "_class": "color",
                  "alpha": 1,
                  "blue": 0,
                  "green": 0.6823529411764706,
                  "red": 1,
                },
                "fillType": 0,
                "isEnabled": true,
                "noiseIndex": 0,
                "noiseIntensity": 0,
                "patternFillType": 1,
                "patternTileScale": 1,
              },
            ],
            "innerShadows": Array [],
            "miterLimit": 10,
            "shadows": Array [],
            "startDecorationType": 0,
          },
          "windingRule": 1,
        },
        Object {
          "_class": "shapeGroup",
          "clippingMaskMode": 0,
          "do_objectID": "mockID",
          "frame": Object {
            "_class": "rect",
            "constrainProportions": false,
            "height": 287,
            "width": 494,
            "x": 0,
            "y": 160,
          },
          "hasClickThrough": false,
          "hasClippingMask": false,
          "isLocked": false,
          "isVisible": true,
          "layers": Array [
            Object {
              "_class": "shapePath",
              "booleanOperation": -1,
              "do_objectID": "mockID",
              "edited": false,
              "frame": Object {
                "_class": "rect",
                "constrainProportions": false,
                "height": 287,
                "width": 494,
                "x": 0,
                "y": 0,
              },
              "isFlippedHorizontal": false,
              "isFlippedVertical": false,
              "isLocked": false,
              "isVisible": true,
              "layerListExpandedType": 0,
              "name": "Path",
              "nameIsFixed": false,
              "path": Object {
                "_class": "path",
                "isClosed": false,
                "points": Array [
                  Object {
                    "_class": "curvePoint",
                    "cornerRadius": 0,
                    "curveFrom": "{0.5, 1}",
                    "curveMode": 1,
                    "curveTo": "{0.5, 1}",
                    "hasCurveFrom": false,
                    "hasCurveTo": false,
                    "point": "{0.5, 1}",
                  },
                  Object {
                    "_class": "curvePoint",
                    "cornerRadius": 0,
                    "curveFrom": "{0, 0}",
                    "curveMode": 1,
                    "curveTo": "{0, 0}",
                    "hasCurveFrom": false,
                    "hasCurveTo": false,
                    "point": "{0, 0}",
                  },
                  Object {
                    "_class": "curvePoint",
                    "cornerRadius": 0,
                    "curveFrom": "{1, 0}",
                    "curveMode": 1,
                    "curveTo": "{1, 0}",
                    "hasCurveFrom": false,
                    "hasCurveTo": false,
                    "point": "{1, 0}",
                  },
                ],
              },
              "resizingConstraint": 63,
              "resizingType": 0,
              "rotation": 0,
              "shouldBreakMaskChain": false,
            },
          ],
          "name": "ShapeGroup",
          "nameIsFixed": false,
          "resizingConstraint": 63,
          "resizingType": 0,
          "rotation": 0,
          "shouldBreakMaskChain": false,
          "style": Object {
            "_class": "style",
            "endDecorationType": 0,
            "fills": Array [
              Object {
                "_class": "fill",
                "color": Object {
                  "_class": "color",
                  "alpha": 1,
                  "blue": 0,
                  "green": 0.4235294117647059,
                  "red": 0.9254901960784314,
                },
                "fillType": 0,
                "isEnabled": true,
                "noiseIndex": 0,
                "noiseIntensity": 0,
                "patternFillType": 1,
                "patternTileScale": 1,
              },
            ],
            "innerShadows": Array [],
            "miterLimit": 10,
            "shadows": Array [],
            "startDecorationType": 0,
          },
          "windingRule": 1,
        },
        Object {
          "_class": "shapeGroup",
          "clippingMaskMode": 0,
          "do_objectID": "mockID",
          "frame": Object {
            "_class": "rect",
            "constrainProportions": false,
            "height": 287,
            "width": 294,
            "x": 100,
            "y": 160,
          },
          "hasClickThrough": false,
          "hasClippingMask": false,
          "isLocked": false,
          "isVisible": true,
          "layers": Array [
            Object {
              "_class": "shapePath",
              "booleanOperation": -1,
              "do_objectID": "mockID",
              "edited": false,
              "frame": Object {
                "_class": "rect",
                "constrainProportions": false,
                "height": 287,
                "width": 294,
                "x": 0,
                "y": 0,
              },
              "isFlippedHorizontal": false,
              "isFlippedVertical": false,
              "isLocked": false,
              "isVisible": true,
              "layerListExpandedType": 0,
              "name": "Path",
              "nameIsFixed": false,
              "path": Object {
                "_class": "path",
                "isClosed": false,
                "points": Array [
                  Object {
                    "_class": "curvePoint",
                    "cornerRadius": 0,
                    "curveFrom": "{0.5, 1}",
                    "curveMode": 1,
                    "curveTo": "{0.5, 1}",
                    "hasCurveFrom": false,
                    "hasCurveTo": false,
                    "point": "{0.5, 1}",
                  },
                  Object {
                    "_class": "curvePoint",
                    "cornerRadius": 0,
                    "curveFrom": "{0, 0}",
                    "curveMode": 1,
                    "curveTo": "{0, 0}",
                    "hasCurveFrom": false,
                    "hasCurveTo": false,
                    "point": "{0, 0}",
                  },
                  Object {
                    "_class": "curvePoint",
                    "cornerRadius": 0,
                    "curveFrom": "{1, 0}",
                    "curveMode": 1,
                    "curveTo": "{1, 0}",
                    "hasCurveFrom": false,
                    "hasCurveTo": false,
                    "point": "{1, 0}",
                  },
                ],
              },
              "resizingConstraint": 63,
              "resizingType": 0,
              "rotation": 0,
              "shouldBreakMaskChain": false,
            },
          ],
          "name": "ShapeGroup",
          "nameIsFixed": false,
          "resizingConstraint": 63,
          "resizingType": 0,
          "rotation": 0,
          "shouldBreakMaskChain": false,
          "style": Object {
            "_class": "style",
            "endDecorationType": 0,
            "fills": Array [
              Object {
                "_class": "fill",
                "color": Object {
                  "_class": "color",
                  "alpha": 1,
                  "blue": 0,
                  "green": 0.6823529411764706,
                  "red": 1,
                },
                "fillType": 0,
                "isEnabled": true,
                "noiseIndex": 0,
                "noiseIntensity": 0,
                "patternFillType": 1,
                "patternTileScale": 1,
              },
            ],
            "innerShadows": Array [],
            "miterLimit": 10,
            "shadows": Array [],
            "startDecorationType": 0,
          },
          "windingRule": 1,
        },
        Object {
          "_class": "shapeGroup",
          "clippingMaskMode": 0,
          "do_objectID": "mockID",
          "frame": Object {
            "_class": "rect",
            "constrainProportions": false,
            "height": 160,
            "width": 294,
            "x": 100,
            "y": 0,
          },
          "hasClickThrough": false,
          "hasClippingMask": false,
          "isLocked": false,
          "isVisible": true,
          "layers": Array [
            Object {
              "_class": "shapePath",
              "booleanOperation": -1,
              "do_objectID": "mockID",
              "edited": false,
              "frame": Object {
                "_class": "rect",
                "constrainProportions": false,
                "height": 160,
                "width": 294,
                "x": 0,
                "y": 0,
              },
              "isFlippedHorizontal": false,
              "isFlippedVertical": false,
              "isLocked": false,
              "isVisible": true,
              "layerListExpandedType": 0,
              "name": "Path",
              "nameIsFixed": false,
              "path": Object {
                "_class": "path",
                "isClosed": false,
                "points": Array [
                  Object {
                    "_class": "curvePoint",
                    "cornerRadius": 0,
                    "curveFrom": "{0.5, 0}",
                    "curveMode": 1,
                    "curveTo": "{0.5, 0}",
                    "hasCurveFrom": false,
                    "hasCurveTo": false,
                    "point": "{0.5, 0}",
                  },
                  Object {
                    "_class": "curvePoint",
                    "cornerRadius": 0,
                    "curveFrom": "{0, 1}",
                    "curveMode": 1,
                    "curveTo": "{0, 1}",
                    "hasCurveFrom": false,
                    "hasCurveTo": false,
                    "point": "{0, 1}",
                  },
                  Object {
                    "_class": "curvePoint",
                    "cornerRadius": 0,
                    "curveFrom": "{1, 1}",
                    "curveMode": 1,
                    "curveTo": "{1, 1}",
                    "hasCurveFrom": false,
                    "hasCurveTo": false,
                    "point": "{1, 1}",
                  },
                ],
              },
              "resizingConstraint": 63,
              "resizingType": 0,
              "rotation": 0,
              "shouldBreakMaskChain": false,
            },
          ],
          "name": "ShapeGroup",
          "nameIsFixed": false,
          "resizingConstraint": 63,
          "resizingType": 0,
          "rotation": 0,
          "shouldBreakMaskChain": false,
          "style": Object {
            "_class": "style",
            "endDecorationType": 0,
            "fills": Array [
              Object {
                "_class": "fill",
                "color": Object {
                  "_class": "color",
                  "alpha": 1,
                  "blue": 0.7058823529411765,
                  "green": 0.9372549019607843,
                  "red": 1,
                },
                "fillType": 0,
                "isEnabled": true,
                "noiseIndex": 0,
                "noiseIntensity": 0,
                "patternFillType": 1,
                "patternTileScale": 1,
              },
            ],
            "innerShadows": Array [],
            "miterLimit": 10,
            "shadows": Array [],
            "startDecorationType": 0,
          },
          "windingRule": 1,
        },
        Object {
          "_class": "shapeGroup",
          "clippingMaskMode": 0,
          "do_objectID": "mockID",
          "frame": Object {
            "_class": "rect",
            "constrainProportions": false,
            "height": 145,
            "width": 494,
            "x": 0,
            "y": 15,
          },
          "hasClickThrough": false,
          "hasClippingMask": false,
          "isLocked": false,
          "isVisible": true,
          "layers": Array [
            Object {
              "_class": "shapePath",
              "booleanOperation": -1,
              "do_objectID": "mockID",
              "edited": false,
              "frame": Object {
                "_class": "rect",
                "constrainProportions": false,
                "height": 145,
                "width": 494,
                "x": 0,
                "y": 0,
              },
              "isFlippedHorizontal": false,
              "isFlippedVertical": false,
              "isLocked": false,
              "isVisible": true,
              "layerListExpandedType": 0,
              "name": "Path",
              "nameIsFixed": false,
              "path": Object {
                "_class": "path",
                "isClosed": false,
                "points": Array [
                  Object {
                    "_class": "curvePoint",
                    "cornerRadius": 0,
                    "curveFrom": "{0.2165991902834008, 0}",
                    "curveMode": 1,
                    "curveTo": "{0.2165991902834008, 0}",
                    "hasCurveFrom": false,
                    "hasCurveTo": false,
                    "point": "{0.2165991902834008, 0}",
                  },
                  Object {
                    "_class": "curvePoint",
                    "cornerRadius": 0,
                    "curveFrom": "{0.10526315789473684, 0.503448275862069}",
                    "curveMode": 1,
                    "curveTo": "{0.10526315789473684, 0.503448275862069}",
                    "hasCurveFrom": false,
                    "hasCurveTo": false,
                    "point": "{0.10526315789473684, 0.503448275862069}",
                  },
                  Object {
                    "_class": "curvePoint",
                    "cornerRadius": 0,
                    "curveFrom": "{0, 1}",
                    "curveMode": 1,
                    "curveTo": "{0, 1}",
                    "hasCurveFrom": false,
                    "hasCurveTo": false,
                    "point": "{0, 1}",
                  },
                  Object {
                    "_class": "curvePoint",
                    "cornerRadius": 0,
                    "curveFrom": "{0.20445344129554655, 1}",
                    "curveMode": 1,
                    "curveTo": "{0.20445344129554655, 1}",
                    "hasCurveFrom": false,
                    "hasCurveTo": false,
                    "point": "{0.20445344129554655, 1}",
                  },
                ],
              },
              "resizingConstraint": 63,
              "resizingType": 0,
              "rotation": 0,
              "shouldBreakMaskChain": false,
            },
            Object {
              "_class": "shapePath",
              "booleanOperation": -1,
              "do_objectID": "mockID",
              "edited": false,
              "frame": Object {
                "_class": "rect",
                "constrainProportions": false,
                "height": 145,
                "width": 494,
                "x": 0,
                "y": 0,
              },
              "isFlippedHorizontal": false,
              "isFlippedVertical": false,
              "isLocked": false,
              "isVisible": true,
              "layerListExpandedType": 0,
              "name": "Path",
              "nameIsFixed": false,
              "path": Object {
                "_class": "path",
                "isClosed": false,
                "points": Array [
                  Object {
                    "_class": "curvePoint",
                    "cornerRadius": 0,
                    "curveFrom": "{0.7834008097165992, 0}",
                    "curveMode": 1,
                    "curveTo": "{0.7834008097165992, 0}",
                    "hasCurveFrom": false,
                    "hasCurveTo": false,
                    "point": "{0.7834008097165992, 0}",
                  },
                  Object {
                    "_class": "curvePoint",
                    "cornerRadius": 0,
                    "curveFrom": "{0.8947368421052632, 0.503448275862069}",
                    "curveMode": 1,
                    "curveTo": "{0.8947368421052632, 0.503448275862069}",
                    "hasCurveFrom": false,
                    "hasCurveTo": false,
                    "point": "{0.8947368421052632, 0.503448275862069}",
                  },
                  Object {
                    "_class": "curvePoint",
                    "cornerRadius": 0,
                    "curveFrom": "{1, 1}",
                    "curveMode": 1,
                    "curveTo": "{1, 1}",
                    "hasCurveFrom": false,
                    "hasCurveTo": false,
                    "point": "{1, 1}",
                  },
                  Object {
                    "_class": "curvePoint",
                    "cornerRadius": 0,
                    "curveFrom": "{0.7955465587044535, 1}",
                    "curveMode": 1,
                    "curveTo": "{0.7955465587044535, 1}",
                    "hasCurveFrom": false,
                    "hasCurveTo": false,
                    "point": "{0.7955465587044535, 1}",
                  },
                ],
              },
              "resizingConstraint": 63,
              "resizingType": 0,
              "rotation": 0,
              "shouldBreakMaskChain": false,
            },
          ],
          "name": "ShapeGroup",
          "nameIsFixed": false,
          "resizingConstraint": 63,
          "resizingType": 0,
          "rotation": 0,
          "shouldBreakMaskChain": false,
          "style": Object {
            "_class": "style",
            "endDecorationType": 0,
            "fills": Array [
              Object {
                "_class": "fill",
                "color": Object {
                  "_class": "color",
                  "alpha": 1,
                  "blue": 0,
                  "green": 0.6823529411764706,
                  "red": 1,
                },
                "fillType": 0,
                "isEnabled": true,
                "noiseIndex": 0,
                "noiseIntensity": 0,
                "patternFillType": 1,
                "patternTileScale": 1,
              },
            ],
            "innerShadows": Array [],
            "miterLimit": 10,
            "shadows": Array [],
            "startDecorationType": 0,
          },
          "windingRule": 1,
        },
        Object {
          "_class": "shapeGroup",
          "clippingMaskMode": 0,
          "do_objectID": "mockID",
          "frame": Object {
            "_class": "rect",
            "constrainProportions": false,
            "height": 160,
            "width": 294,
            "x": 100,
            "y": 0,
          },
          "hasClickThrough": false,
          "hasClippingMask": false,
          "isLocked": false,
          "isVisible": true,
          "layers": Array [
            Object {
              "_class": "shapePath",
              "booleanOperation": -1,
              "do_objectID": "mockID",
              "edited": false,
              "frame": Object {
                "_class": "rect",
                "constrainProportions": false,
                "height": 160,
                "width": 294,
                "x": 0,
                "y": 0,
              },
              "isFlippedHorizontal": false,
              "isFlippedVertical": false,
              "isLocked": false,
              "isVisible": true,
              "layerListExpandedType": 0,
              "name": "Path",
              "nameIsFixed": false,
              "path": Object {
                "_class": "path",
                "isClosed": false,
                "points": Array [
                  Object {
                    "_class": "curvePoint",
                    "cornerRadius": 0,
                    "curveFrom": "{0.023809523809523808, 0.09375}",
                    "curveMode": 1,
                    "curveTo": "{0.023809523809523808, 0.09375}",
                    "hasCurveFrom": false,
                    "hasCurveTo": false,
                    "point": "{0.023809523809523808, 0.09375}",
                  },
                  Object {
                    "_class": "curvePoint",
                    "cornerRadius": 0,
                    "curveFrom": "{0, 1}",
                    "curveMode": 1,
                    "curveTo": "{0, 1}",
                    "hasCurveFrom": false,
                    "hasCurveTo": false,
                    "point": "{0, 1}",
                  },
                  Object {
                    "_class": "curvePoint",
                    "cornerRadius": 0,
                    "curveFrom": "{0.5, 0}",
                    "curveMode": 1,
                    "curveTo": "{0.5, 0}",
                    "hasCurveFrom": false,
                    "hasCurveTo": false,
                    "point": "{0.5, 0}",
                  },
                ],
              },
              "resizingConstraint": 63,
              "resizingType": 0,
              "rotation": 0,
              "shouldBreakMaskChain": false,
            },
            Object {
              "_class": "shapePath",
              "booleanOperation": -1,
              "do_objectID": "mockID",
              "edited": false,
              "frame": Object {
                "_class": "rect",
                "constrainProportions": false,
                "height": 160,
                "width": 294,
                "x": 0,
                "y": 0,
              },
              "isFlippedHorizontal": false,
              "isFlippedVertical": false,
              "isLocked": false,
              "isVisible": true,
              "layerListExpandedType": 0,
              "name": "Path",
              "nameIsFixed": false,
              "path": Object {
                "_class": "path",
                "isClosed": false,
                "points": Array [
                  Object {
                    "_class": "curvePoint",
                    "cornerRadius": 0,
                    "curveFrom": "{0.9761904761904762, 0.09375}",
                    "curveMode": 1,
                    "curveTo": "{0.9761904761904762, 0.09375}",
                    "hasCurveFrom": false,
                    "hasCurveTo": false,
                    "point": "{0.9761904761904762, 0.09375}",
                  },
                  Object {
                    "_class": "curvePoint",
                    "cornerRadius": 0,
                    "curveFrom": "{1, 1}",
                    "curveMode": 1,
                    "curveTo": "{1, 1}",
                    "hasCurveFrom": false,
                    "hasCurveTo": false,
                    "point": "{1, 1}",
                  },
                  Object {
                    "_class": "curvePoint",
                    "cornerRadius": 0,
                    "curveFrom": "{0.5, 0}",
                    "curveMode": 1,
                    "curveTo": "{0.5, 0}",
                    "hasCurveFrom": false,
                    "hasCurveTo": false,
                    "point": "{0.5, 0}",
                  },
                ],
              },
              "resizingConstraint": 63,
              "resizingType": 0,
              "rotation": 0,
              "shouldBreakMaskChain": false,
            },
          ],
          "name": "ShapeGroup",
          "nameIsFixed": false,
          "resizingConstraint": 63,
          "resizingType": 0,
          "rotation": 0,
          "shouldBreakMaskChain": false,
          "style": Object {
            "_class": "style",
            "endDecorationType": 0,
            "fills": Array [
              Object {
                "_class": "fill",
                "color": Object {
                  "_class": "color",
                  "alpha": 1,
                  "blue": 0.0196078431372549,
                  "green": 0.8274509803921568,
                  "red": 0.996078431372549,
                },
                "fillType": 0,
                "isEnabled": true,
                "noiseIndex": 0,
                "noiseIntensity": 0,
                "patternFillType": 1,
                "patternTileScale": 1,
              },
            ],
            "innerShadows": Array [],
            "miterLimit": 10,
            "shadows": Array [],
            "startDecorationType": 0,
          },
          "windingRule": 1,
        },
      ],
      "name": "Shape",
      "nameIsFixed": false,
      "resizingConstraint": 63,
      "resizingType": 0,
      "rotation": 0,
      "shouldBreakMaskChain": false,
      "style": Object {
        "_class": "style",
        "contextSettings": Object {
          "_class": "graphicsContextSettings",
          "blendMode": 0,
          "opacity": 1,
        },
        "endDecorationType": 0,
        "miterLimit": 10,
        "startDecorationType": 0,
      },
    },
  ],
  "name": "Svg",
  "nameIsFixed": false,
  "resizingConstraint": 63,
  "resizingType": 0,
  "rotation": 0,
  "shouldBreakMaskChain": false,
  "style": Object {
    "_class": "style",
    "contextSettings": Object {
      "_class": "graphicsContextSettings",
      "blendMode": 0,
      "opacity": 1,
    },
    "endDecorationType": 0,
    "miterLimit": 10,
    "startDecorationType": 0,
  },
}
`;
